sif.ali|SIF.ali
cuentas_contables.jpg|Cuentas_contables.JPG
subcuentas.htm|Subcuentas.htm
cierre_auxiliar.htm|Cierre_auxiliar.htm
image2.gif|image2.gif
sif.brs|SIF.brs
balance_comprobacion.htm|Balance_comprobacion.htm
findsmall.gif|findsmall.gif
cuentas_contables.htm|Cuentas_contables.htm
sif.ppf|SIF.ppf
balance_general_reporte1.jpg|Balance_general_reporte1.JPG
saldos_movimientos.jpg|Saldos_movimientos.JPG
sif.hha|SIF_hha.hhk
sif.hhc|SIF.hhc
cuentas_financieras_2.jpg|Cuentas_financieras_2.JPG
saldos_movimientos.htm|Saldos_movimientos.htm
cuentas_contables2.jpg|Cuentas_contables2.JPG
sif.hhp|SIF.hhp
ehlpdhtm.js|ehlpdhtm.js
sistema_financiero_integrado.htm|Sistema_Financiero_Integrado.htm
cuentas_mayor_hijas.jpg|Cuentas_mayor_hijas.JPG
reversar_documentos.jpg|Reversar_documentos.JPG
sif_merged$.hhk|SIF.hhk
sif.trs|SIF.trs
subcuenta.jpg|Subcuenta.JPG
introduccion.htm|Introduccion.htm
poliza_contable_reporte.jpg|Poliza_contable_reporte.JPG
reversar_documentos_contables.htm|Reversar_documentos_contables.htm
cfinclude.gif|Cfinclude.gif
catalogos_cuentas.jpg|Catalogos_cuentas.JPG
<<reservedfile>>0|SIF.htm
registro_documentos_contables.jpg|Registro_documentos_contables.JPG
sif.glo|SIF.glo
mascaras_cuentas.htm|Mascaras_cuentas.htm
cuentas_mayor.jpg|Cuentas_mayor.JPG
mascara_cuentas_detalle.jpg|Mascara_cuentas_detalle.JPG
registro_documentos_contables.htm|Registro_Documentos_Contables.htm
image3.gif|image3.gif
cuentas_mayor.htm|Cuentas_Mayor.htm
image1.gif|image1.gif
catalogo_cuentas.htm|Catalogo_cuentas.htm
concepto_contable.htm|Concepto_contable.htm
cuentas_financieras.jpg|Cuentas_financieras.JPG
conceptos_contables.jpg|Conceptos_contables.JPG
ehelp.xml|eHelp.xml
robohhre.lng|RoboHHRE.lng
cuentas_financieras.htm|Cuentas_financieras.htm
historico_tipo_cambio.jpg|Historico_tipo_cambio.JPG
catalogos_cuentas_encab.jpg|Catalogos_cuentas_encab.JPG
registro_documentos_contablesdet.jpg|Registro_documentos_contablesDet.JPG
poliza_contable.jpg|Poliza_contable.JPG
bsscdefault.h|BSSCDefault.h
historico_tipo_cambio.htm|Historico_tipo_cambio.htm
microsoft.css|microsoft.css
poliza_contable.htm|Poliza_contable.htm
monedas.jpg|Monedas.JPG
cierre_mes_contable.jpg|Cierre_mes_contable.JPG
balance_general.jpg|Balance_general.JPG
balance_comprobacion_reporte.jpg|Balance_comprobacion_reporte.JPG
monedas.htm|Monedas.htm
cierre_mes_contable.htm|Cierre_mes_contable.htm
balance_general.htm|Balance_general.htm
saldos_movimientos_reporte.jpg|Saldos_movimientos_reporte.JPG
cierre_auxiliar.jpg|Cierre_auxiliar.JPG
mascara_cuentas.jpg|Mascara_cuentas.JPG
balance_comprobacion.jpg|Balance_comprobacion.JPG
